../Drivers/CMSIS/Include/core_cm4.h:2064:26:ITM_SendChar	16	static,ignoring_inline_asm
../Core/Src/main.c:65:5:print	24	static
../Core/Src/main.c:81:6:checkAccel	8	static
../Core/Src/main.c:92:6:print_OUT_X	24	static
../Core/Src/main.c:124:6:set_CTRL_REG1_A	24	static
../Core/Src/main.c:138:6:read_CTRL_REG1_A	24	static
../Core/Src/main.c:163:5:main	8	static
../Core/Src/main.c:213:6:SystemClock_Config	128	static
../Core/Src/main.c:264:13:MX_I2C1_Init	8	static
../Core/Src/main.c:312:13:MX_SPI1_Init	8	static
../Core/Src/main.c:352:13:MX_UART4_Init	8	static
../Core/Src/main.c:387:13:MX_USB_PCD_Init	8	static
../Core/Src/main.c:418:13:MX_GPIO_Init	48	static
../Core/Src/main.c:469:6:Error_Handler	4	static,ignoring_inline_asm
