../Drivers/CMSIS/Include/core_cm4.h:2064:26:ITM_SendChar	16	static,ignoring_inline_asm
../Core/Src/main.c:64:5:print	24	static
../Core/Src/main.c:81:5:main	56	static
../Core/Src/main.c:131:6:SystemClock_Config	128	static
../Core/Src/main.c:182:13:MX_I2C1_Init	8	static
../Core/Src/main.c:230:13:MX_SPI1_Init	8	static
../Core/Src/main.c:270:13:MX_UART4_Init	8	static
../Core/Src/main.c:305:13:MX_USB_PCD_Init	8	static
../Core/Src/main.c:336:13:MX_GPIO_Init	48	static
../Core/Src/main.c:387:6:Error_Handler	4	static,ignoring_inline_asm
